// Jest Snapshot v1, https://goo.gl/fbAQLP

exports[`SaveCancel renders consistently 1`] = `
ShallowWrapper {
  "length": 1,
  Symbol(enzyme.__root__): [Circular],
  Symbol(enzyme.__unrendered__): <SaveCancel />,
  Symbol(enzyme.__renderer__): Object {
    "batchedUpdates": [Function],
    "getNode": [Function],
    "render": [Function],
    "simulateEvent": [Function],
    "unmount": [Function],
  },
  Symbol(enzyme.__node__): Object {
    "instance": null,
    "key": undefined,
    "nodeType": "host",
    "props": Object {
      "children": Array [
        <button
          className="save-button btn-small green"
          onClick={undefined}
>
          Save
</button>,
        <span
          className="cancel-button cursor-pointer"
          onClick={undefined}
>
          <i
                    className="close-icon grey-text material-icons"
          >
                    close
          </i>
</span>,
      ],
    },
    "ref": null,
    "rendered": Array [
      Object {
        "instance": null,
        "key": undefined,
        "nodeType": "host",
        "props": Object {
          "children": "Save",
          "className": "save-button btn-small green",
          "onClick": undefined,
        },
        "ref": null,
        "rendered": "Save",
        "type": "button",
      },
      Object {
        "instance": null,
        "key": undefined,
        "nodeType": "host",
        "props": Object {
          "children": <i
            className="close-icon grey-text material-icons"
>
            close
</i>,
          "className": "cancel-button cursor-pointer",
          "onClick": undefined,
        },
        "ref": null,
        "rendered": Object {
          "instance": null,
          "key": undefined,
          "nodeType": "host",
          "props": Object {
            "children": "close",
            "className": "close-icon grey-text material-icons",
          },
          "ref": null,
          "rendered": "close",
          "type": "i",
        },
        "type": "span",
      },
    ],
    "type": "div",
  },
  Symbol(enzyme.__nodes__): Array [
    Object {
      "instance": null,
      "key": undefined,
      "nodeType": "host",
      "props": Object {
        "children": Array [
          <button
            className="save-button btn-small green"
            onClick={undefined}
>
            Save
</button>,
          <span
            className="cancel-button cursor-pointer"
            onClick={undefined}
>
            <i
                        className="close-icon grey-text material-icons"
            >
                        close
            </i>
</span>,
        ],
      },
      "ref": null,
      "rendered": Array [
        Object {
          "instance": null,
          "key": undefined,
          "nodeType": "host",
          "props": Object {
            "children": "Save",
            "className": "save-button btn-small green",
            "onClick": undefined,
          },
          "ref": null,
          "rendered": "Save",
          "type": "button",
        },
        Object {
          "instance": null,
          "key": undefined,
          "nodeType": "host",
          "props": Object {
            "children": <i
              className="close-icon grey-text material-icons"
>
              close
</i>,
            "className": "cancel-button cursor-pointer",
            "onClick": undefined,
          },
          "ref": null,
          "rendered": Object {
            "instance": null,
            "key": undefined,
            "nodeType": "host",
            "props": Object {
              "children": "close",
              "className": "close-icon grey-text material-icons",
            },
            "ref": null,
            "rendered": "close",
            "type": "i",
          },
          "type": "span",
        },
      ],
      "type": "div",
    },
  ],
  Symbol(enzyme.__options__): Object {
    "adapter": ReactSixteenAdapter {
      "options": Object {
        "enableComponentDidUpdateOnSetState": true,
      },
    },
  },
}
`;
